ExpansionTraderRolf.Vehicles|5601.490234 28.744699 5365.779785|-129.572006 0.000000 -0.000000|WorkingBoots_Yellow,BaseballCap_Beige,ReflexVest,QuiltedJacket_Orange,CargoPants_Beige,WorkingGloves_Black,NioshFaceMask,ThinFramesGlasses,
ExpansionTraderNaomi.Vehicle_Parts|5605.846680 28.736332 5365.330078|-78.328789 -0.000000 0.000000|WorkingBoots_Brown,ReflexVest,QuiltedJacket_Grey,WorkingGloves_Beige,WeldingMask,Jeans_Black,
ExpansionTraderDenis.Clothing|5637.450195 32.023247 5400.750000|148.742981 0.000000 -0.000000|FlatCap_BlackCheck,DressShoes_Brown,CivilianBelt,SlacksPants_Blue,ManSuit_Blue,
ExpansionTraderMaria.Clothing_Accessories|5635.080078 32.023247 5398.890137|132.470978 0.000000 -0.000000|QuiltedJacket_Violet,Breeches_Beetcheck,ThinFramesGlasses,BaseballCap_Pink,JoggingShoes_Violet,TaloonBag_Violet,
ExpansionTraderQuinn.Consumables|5631.069336 29.284946 5395.250977|53.443405 0.000000 -0.000000|CargoPants_Black,Shirt_BlueCheckBright,SurgicalGloves_Blue,BaseballCap_Blue,AthleticShoes_Blue,CivilianBelt,DryBag_Blue,
ExpansionTraderNaomi.Weapons|5651.270020 29.091431 5373.509766|-126.263992 0.000000 -0.000000|HunterPants_Spring,HuntingJacket_Summer,CowboyHat_black,CombatBoots_Green,MilitaryBelt,HuntingBag,Crossbow,
ExpansionTraderSeth.Attachments|5647.310059 29.091364 5371.899902|46.525097 0.000000 -0.000000|CargoPants_Green,M65Jacket_Khaki,UKAssVest_Black,WorkingGloves_Black,AviatorGlasses,PilotkaCap,TTSKOBoots,AssaultBag_Black,SKS_Bayonet,
ExpansionTraderIndar.Components|5635.890137 29.285002 5391.430176|-135.797989 0.000000 -0.000000|NioshFaceMask,HikingBootsLow_Blue,WorkingGloves_Yellow,BeanieHat_Pink,JumpsuitPants_Blue,Shirt_BlueCheck,HighCapacityVest_Black,TaloonBag_Blue,HipPack_Black,SportGlasses_Black,
ExpansionTraderJudy.Medicals|5678.660156 28.809999 5387.740234|-76.122894 -0.000000 0.000000|MilitaryBoots_Black,ParamedicPants_Crimson,SurgicalMask,SurgicalGloves_Green,ParamedicJacket_Crimson,ParamedicPants_Blue,MountainBag_Red,MedicalScrubsHat_Blue,
ExpansionTraderLinda.Special|5632.700195 28.809999 5378.279785|-45.019009 -0.000000 0.000000|MilitaryBoots_Redpunk,SportGlasses_Orange,UKAssVest_Black,BomberJacket_Maroon,CargoPants_Black,RadarCap_Red,
ExpansionTraderNiki.BuildingSupplies|5604.640137 29.823984 5420.470215|45.748497 0.000000 -0.000000|WorkingGloves_Brown,ConstructionHelmet_Yellow,NioshFaceMask,Jeans_Brown,WorkingBoots_Grey,JumpsuitJacket_Gray,ReflexVest,SlingBag_Black,
ExpansionTraderMirek.Exchange|5669.640137 29.327600 5418.350098|-127.383987 0.000000 -0.000000|MilitaryBoots_Redpunk,SportGlasses_Orange,UKAssVest_Black,BomberJacket_Maroon,CargoPants_Black,RadarCap_Red